--------------------------------------------------------------------------------
Release 14.7 Trace  (nt64)
Copyright (c) 1995-2013 Xilinx, Inc.  All rights reserved.

D:\Xlinx\14.7\ISE_DS\ISE\bin\nt64\unwrapped\trce.exe -intstyle ise -v 3 -s 1 -n
3 -fastpaths -xml TOP.twx TOP.ncd -o TOP.twr TOP.pcf -ucf TOP.ucf

Design file:              TOP.ncd
Physical constraint file: TOP.pcf
Device,package,speed:     xc7a100t,csg324,C,-1 (PRODUCTION 1.10 2013-10-13)
Report level:             verbose report

Environment Variable      Effect 
--------------------      ------ 
NONE                      No environment variables were set
--------------------------------------------------------------------------------

INFO:Timing:3412 - To improve timing, see the Timing Closure User Guide (UG612).
INFO:Timing:2752 - To get complete path coverage, use the unconstrained paths 
   option. All paths that are not constrained will be reported in the 
   unconstrained paths section(s) of the report.
INFO:Timing:3339 - The clock-to-out numbers in this timing report are based on 
   a 50 Ohm transmission line loading model.  For the details of this model, 
   and for more information on accounting for different loading conditions, 
   please see the device datasheet.

================================================================================
Timing constraint: TS_sys_clk_pin = PERIOD TIMEGRP "sys_clk_pin" 100 MHz HIGH 
50%;
For more information, see Period Analysis in the Timing Closure User Guide (UG612).

 377 paths analyzed, 88 endpoints analyzed, 0 failing endpoints
 0 timing errors detected. (0 setup errors, 0 hold errors, 0 component switching limit errors)
 Minimum period is   2.698ns.
--------------------------------------------------------------------------------

Paths for end point CLK_DIV_PROCESS.clk_counter_25 (SLICE_X52Y89.CIN), 24 paths
--------------------------------------------------------------------------------
Slack (setup path):     7.302ns (requirement - (data path - clock path skew + uncertainty))
  Source:               CLK_DIV_PROCESS.clk_counter_1 (FF)
  Destination:          CLK_DIV_PROCESS.clk_counter_25 (FF)
  Requirement:          10.000ns
  Data Path Delay:      2.644ns (Levels of Logic = 7)
  Clock Path Skew:      -0.019ns (0.168 - 0.187)
  Source Clock:         CLK_undiv_BUFGP rising at 0.000ns
  Destination Clock:    CLK_undiv_BUFGP rising at 10.000ns
  Clock Uncertainty:    0.035ns

  Clock Uncertainty:          0.035ns  ((TSJ^2 + TIJ^2)^1/2 + DJ) / 2 + PE
    Total System Jitter (TSJ):  0.070ns
    Total Input Jitter (TIJ):   0.000ns
    Discrete Jitter (DJ):       0.000ns
    Phase Error (PE):           0.000ns

  Maximum Data Path at Slow Process Corner: CLK_DIV_PROCESS.clk_counter_1 to CLK_DIV_PROCESS.clk_counter_25
    Location             Delay type         Delay(ns)  Physical Resource
                                                       Logical Resource(s)
    -------------------------------------------------  -------------------
    SLICE_X52Y83.BQ      Tcko                  0.456   CLK_DIV_PROCESS.clk_counter<3>
                                                       CLK_DIV_PROCESS.clk_counter_1
    SLICE_X52Y83.B2      net (fanout=2)        0.672   CLK_DIV_PROCESS.clk_counter<1>
    SLICE_X52Y83.COUT    Topcyb                0.674   CLK_DIV_PROCESS.clk_counter<3>
                                                       CLK_DIV_PROCESS.clk_counter<1>_rt.1
                                                       Mcount_CLK_DIV_PROCESS.clk_counter_cy<3>
    SLICE_X52Y84.CIN     net (fanout=1)        0.000   Mcount_CLK_DIV_PROCESS.clk_counter_cy<3>
    SLICE_X52Y84.COUT    Tbyp                  0.114   CLK_DIV_PROCESS.clk_counter<7>
                                                       Mcount_CLK_DIV_PROCESS.clk_counter_cy<7>
    SLICE_X52Y85.CIN     net (fanout=1)        0.000   Mcount_CLK_DIV_PROCESS.clk_counter_cy<7>
    SLICE_X52Y85.COUT    Tbyp                  0.114   CLK_DIV_PROCESS.clk_counter<11>
                                                       Mcount_CLK_DIV_PROCESS.clk_counter_cy<11>
    SLICE_X52Y86.CIN     net (fanout=1)        0.000   Mcount_CLK_DIV_PROCESS.clk_counter_cy<11>
    SLICE_X52Y86.COUT    Tbyp                  0.114   CLK_DIV_PROCESS.clk_counter<15>
                                                       Mcount_CLK_DIV_PROCESS.clk_counter_cy<15>
    SLICE_X52Y87.CIN     net (fanout=1)        0.000   Mcount_CLK_DIV_PROCESS.clk_counter_cy<15>
    SLICE_X52Y87.COUT    Tbyp                  0.114   CLK_DIV_PROCESS.clk_counter<19>
                                                       Mcount_CLK_DIV_PROCESS.clk_counter_cy<19>
    SLICE_X52Y88.CIN     net (fanout=1)        0.000   Mcount_CLK_DIV_PROCESS.clk_counter_cy<19>
    SLICE_X52Y88.COUT    Tbyp                  0.114   CLK_DIV_PROCESS.clk_counter<23>
                                                       Mcount_CLK_DIV_PROCESS.clk_counter_cy<23>
    SLICE_X52Y89.CIN     net (fanout=1)        0.000   Mcount_CLK_DIV_PROCESS.clk_counter_cy<23>
    SLICE_X52Y89.CLK     Tcinck                0.272   CLK_DIV_PROCESS.clk_counter<25>
                                                       Mcount_CLK_DIV_PROCESS.clk_counter_xor<25>
                                                       CLK_DIV_PROCESS.clk_counter_25
    -------------------------------------------------  ---------------------------
    Total                                      2.644ns (1.972ns logic, 0.672ns route)
                                                       (74.6% logic, 25.4% route)

--------------------------------------------------------------------------------
Slack (setup path):     7.415ns (requirement - (data path - clock path skew + uncertainty))
  Source:               CLK_DIV_PROCESS.clk_counter_5 (FF)
  Destination:          CLK_DIV_PROCESS.clk_counter_25 (FF)
  Requirement:          10.000ns
  Data Path Delay:      2.530ns (Levels of Logic = 6)
  Clock Path Skew:      -0.020ns (0.168 - 0.188)
  Source Clock:         CLK_undiv_BUFGP rising at 0.000ns
  Destination Clock:    CLK_undiv_BUFGP rising at 10.000ns
  Clock Uncertainty:    0.035ns

  Clock Uncertainty:          0.035ns  ((TSJ^2 + TIJ^2)^1/2 + DJ) / 2 + PE
    Total System Jitter (TSJ):  0.070ns
    Total Input Jitter (TIJ):   0.000ns
    Discrete Jitter (DJ):       0.000ns
    Phase Error (PE):           0.000ns

  Maximum Data Path at Slow Process Corner: CLK_DIV_PROCESS.clk_counter_5 to CLK_DIV_PROCESS.clk_counter_25
    Location             Delay type         Delay(ns)  Physical Resource
                                                       Logical Resource(s)
    -------------------------------------------------  -------------------
    SLICE_X52Y84.BQ      Tcko                  0.456   CLK_DIV_PROCESS.clk_counter<7>
                                                       CLK_DIV_PROCESS.clk_counter_5
    SLICE_X52Y84.B2      net (fanout=2)        0.672   CLK_DIV_PROCESS.clk_counter<5>
    SLICE_X52Y84.COUT    Topcyb                0.674   CLK_DIV_PROCESS.clk_counter<7>
                                                       CLK_DIV_PROCESS.clk_counter<5>_rt.1
                                                       Mcount_CLK_DIV_PROCESS.clk_counter_cy<7>
    SLICE_X52Y85.CIN     net (fanout=1)        0.000   Mcount_CLK_DIV_PROCESS.clk_counter_cy<7>
    SLICE_X52Y85.COUT    Tbyp                  0.114   CLK_DIV_PROCESS.clk_counter<11>
                                                       Mcount_CLK_DIV_PROCESS.clk_counter_cy<11>
    SLICE_X52Y86.CIN     net (fanout=1)        0.000   Mcount_CLK_DIV_PROCESS.clk_counter_cy<11>
    SLICE_X52Y86.COUT    Tbyp                  0.114   CLK_DIV_PROCESS.clk_counter<15>
                                                       Mcount_CLK_DIV_PROCESS.clk_counter_cy<15>
    SLICE_X52Y87.CIN     net (fanout=1)        0.000   Mcount_CLK_DIV_PROCESS.clk_counter_cy<15>
    SLICE_X52Y87.COUT    Tbyp                  0.114   CLK_DIV_PROCESS.clk_counter<19>
                                                       Mcount_CLK_DIV_PROCESS.clk_counter_cy<19>
    SLICE_X52Y88.CIN     net (fanout=1)        0.000   Mcount_CLK_DIV_PROCESS.clk_counter_cy<19>
    SLICE_X52Y88.COUT    Tbyp                  0.114   CLK_DIV_PROCESS.clk_counter<23>
                                                       Mcount_CLK_DIV_PROCESS.clk_counter_cy<23>
    SLICE_X52Y89.CIN     net (fanout=1)        0.000   Mcount_CLK_DIV_PROCESS.clk_counter_cy<23>
    SLICE_X52Y89.CLK     Tcinck                0.272   CLK_DIV_PROCESS.clk_counter<25>
                                                       Mcount_CLK_DIV_PROCESS.clk_counter_xor<25>
                                                       CLK_DIV_PROCESS.clk_counter_25
    -------------------------------------------------  ---------------------------
    Total                                      2.530ns (1.858ns logic, 0.672ns route)
                                                       (73.4% logic, 26.6% route)

--------------------------------------------------------------------------------
Slack (setup path):     7.449ns (requirement - (data path - clock path skew + uncertainty))
  Source:               CLK_DIV_PROCESS.clk_counter_2 (FF)
  Destination:          CLK_DIV_PROCESS.clk_counter_25 (FF)
  Requirement:          10.000ns
  Data Path Delay:      2.497ns (Levels of Logic = 7)
  Clock Path Skew:      -0.019ns (0.168 - 0.187)
  Source Clock:         CLK_undiv_BUFGP rising at 0.000ns
  Destination Clock:    CLK_undiv_BUFGP rising at 10.000ns
  Clock Uncertainty:    0.035ns

  Clock Uncertainty:          0.035ns  ((TSJ^2 + TIJ^2)^1/2 + DJ) / 2 + PE
    Total System Jitter (TSJ):  0.070ns
    Total Input Jitter (TIJ):   0.000ns
    Discrete Jitter (DJ):       0.000ns
    Phase Error (PE):           0.000ns

  Maximum Data Path at Slow Process Corner: CLK_DIV_PROCESS.clk_counter_2 to CLK_DIV_PROCESS.clk_counter_25
    Location             Delay type         Delay(ns)  Physical Resource
                                                       Logical Resource(s)
    -------------------------------------------------  -------------------
    SLICE_X52Y83.CQ      Tcko                  0.456   CLK_DIV_PROCESS.clk_counter<3>
                                                       CLK_DIV_PROCESS.clk_counter_2
    SLICE_X52Y83.C2      net (fanout=2)        0.677   CLK_DIV_PROCESS.clk_counter<2>
    SLICE_X52Y83.COUT    Topcyc                0.522   CLK_DIV_PROCESS.clk_counter<3>
                                                       CLK_DIV_PROCESS.clk_counter<2>_rt.1
                                                       Mcount_CLK_DIV_PROCESS.clk_counter_cy<3>
    SLICE_X52Y84.CIN     net (fanout=1)        0.000   Mcount_CLK_DIV_PROCESS.clk_counter_cy<3>
    SLICE_X52Y84.COUT    Tbyp                  0.114   CLK_DIV_PROCESS.clk_counter<7>
                                                       Mcount_CLK_DIV_PROCESS.clk_counter_cy<7>
    SLICE_X52Y85.CIN     net (fanout=1)        0.000   Mcount_CLK_DIV_PROCESS.clk_counter_cy<7>
    SLICE_X52Y85.COUT    Tbyp                  0.114   CLK_DIV_PROCESS.clk_counter<11>
                                                       Mcount_CLK_DIV_PROCESS.clk_counter_cy<11>
    SLICE_X52Y86.CIN     net (fanout=1)        0.000   Mcount_CLK_DIV_PROCESS.clk_counter_cy<11>
    SLICE_X52Y86.COUT    Tbyp                  0.114   CLK_DIV_PROCESS.clk_counter<15>
                                                       Mcount_CLK_DIV_PROCESS.clk_counter_cy<15>
    SLICE_X52Y87.CIN     net (fanout=1)        0.000   Mcount_CLK_DIV_PROCESS.clk_counter_cy<15>
    SLICE_X52Y87.COUT    Tbyp                  0.114   CLK_DIV_PROCESS.clk_counter<19>
                                                       Mcount_CLK_DIV_PROCESS.clk_counter_cy<19>
    SLICE_X52Y88.CIN     net (fanout=1)        0.000   Mcount_CLK_DIV_PROCESS.clk_counter_cy<19>
    SLICE_X52Y88.COUT    Tbyp                  0.114   CLK_DIV_PROCESS.clk_counter<23>
                                                       Mcount_CLK_DIV_PROCESS.clk_counter_cy<23>
    SLICE_X52Y89.CIN     net (fanout=1)        0.000   Mcount_CLK_DIV_PROCESS.clk_counter_cy<23>
    SLICE_X52Y89.CLK     Tcinck                0.272   CLK_DIV_PROCESS.clk_counter<25>
                                                       Mcount_CLK_DIV_PROCESS.clk_counter_xor<25>
                                                       CLK_DIV_PROCESS.clk_counter_25
    -------------------------------------------------  ---------------------------
    Total                                      2.497ns (1.820ns logic, 0.677ns route)
                                                       (72.9% logic, 27.1% route)

--------------------------------------------------------------------------------

Paths for end point CLK_DIV_PROCESS.clk_counter_24 (SLICE_X52Y89.CIN), 24 paths
--------------------------------------------------------------------------------
Slack (setup path):     7.413ns (requirement - (data path - clock path skew + uncertainty))
  Source:               CLK_DIV_PROCESS.clk_counter_1 (FF)
  Destination:          CLK_DIV_PROCESS.clk_counter_24 (FF)
  Requirement:          10.000ns
  Data Path Delay:      2.533ns (Levels of Logic = 7)
  Clock Path Skew:      -0.019ns (0.168 - 0.187)
  Source Clock:         CLK_undiv_BUFGP rising at 0.000ns
  Destination Clock:    CLK_undiv_BUFGP rising at 10.000ns
  Clock Uncertainty:    0.035ns

  Clock Uncertainty:          0.035ns  ((TSJ^2 + TIJ^2)^1/2 + DJ) / 2 + PE
    Total System Jitter (TSJ):  0.070ns
    Total Input Jitter (TIJ):   0.000ns
    Discrete Jitter (DJ):       0.000ns
    Phase Error (PE):           0.000ns

  Maximum Data Path at Slow Process Corner: CLK_DIV_PROCESS.clk_counter_1 to CLK_DIV_PROCESS.clk_counter_24
    Location             Delay type         Delay(ns)  Physical Resource
                                                       Logical Resource(s)
    -------------------------------------------------  -------------------
    SLICE_X52Y83.BQ      Tcko                  0.456   CLK_DIV_PROCESS.clk_counter<3>
                                                       CLK_DIV_PROCESS.clk_counter_1
    SLICE_X52Y83.B2      net (fanout=2)        0.672   CLK_DIV_PROCESS.clk_counter<1>
    SLICE_X52Y83.COUT    Topcyb                0.674   CLK_DIV_PROCESS.clk_counter<3>
                                                       CLK_DIV_PROCESS.clk_counter<1>_rt.1
                                                       Mcount_CLK_DIV_PROCESS.clk_counter_cy<3>
    SLICE_X52Y84.CIN     net (fanout=1)        0.000   Mcount_CLK_DIV_PROCESS.clk_counter_cy<3>
    SLICE_X52Y84.COUT    Tbyp                  0.114   CLK_DIV_PROCESS.clk_counter<7>
                                                       Mcount_CLK_DIV_PROCESS.clk_counter_cy<7>
    SLICE_X52Y85.CIN     net (fanout=1)        0.000   Mcount_CLK_DIV_PROCESS.clk_counter_cy<7>
    SLICE_X52Y85.COUT    Tbyp                  0.114   CLK_DIV_PROCESS.clk_counter<11>
                                                       Mcount_CLK_DIV_PROCESS.clk_counter_cy<11>
    SLICE_X52Y86.CIN     net (fanout=1)        0.000   Mcount_CLK_DIV_PROCESS.clk_counter_cy<11>
    SLICE_X52Y86.COUT    Tbyp                  0.114   CLK_DIV_PROCESS.clk_counter<15>
                                                       Mcount_CLK_DIV_PROCESS.clk_counter_cy<15>
    SLICE_X52Y87.CIN     net (fanout=1)        0.000   Mcount_CLK_DIV_PROCESS.clk_counter_cy<15>
    SLICE_X52Y87.COUT    Tbyp                  0.114   CLK_DIV_PROCESS.clk_counter<19>
                                                       Mcount_CLK_DIV_PROCESS.clk_counter_cy<19>
    SLICE_X52Y88.CIN     net (fanout=1)        0.000   Mcount_CLK_DIV_PROCESS.clk_counter_cy<19>
    SLICE_X52Y88.COUT    Tbyp                  0.114   CLK_DIV_PROCESS.clk_counter<23>
                                                       Mcount_CLK_DIV_PROCESS.clk_counter_cy<23>
    SLICE_X52Y89.CIN     net (fanout=1)        0.000   Mcount_CLK_DIV_PROCESS.clk_counter_cy<23>
    SLICE_X52Y89.CLK     Tcinck                0.161   CLK_DIV_PROCESS.clk_counter<25>
                                                       Mcount_CLK_DIV_PROCESS.clk_counter_xor<25>
                                                       CLK_DIV_PROCESS.clk_counter_24
    -------------------------------------------------  ---------------------------
    Total                                      2.533ns (1.861ns logic, 0.672ns route)
                                                       (73.5% logic, 26.5% route)

--------------------------------------------------------------------------------
Slack (setup path):     7.526ns (requirement - (data path - clock path skew + uncertainty))
  Source:               CLK_DIV_PROCESS.clk_counter_5 (FF)
  Destination:          CLK_DIV_PROCESS.clk_counter_24 (FF)
  Requirement:          10.000ns
  Data Path Delay:      2.419ns (Levels of Logic = 6)
  Clock Path Skew:      -0.020ns (0.168 - 0.188)
  Source Clock:         CLK_undiv_BUFGP rising at 0.000ns
  Destination Clock:    CLK_undiv_BUFGP rising at 10.000ns
  Clock Uncertainty:    0.035ns

  Clock Uncertainty:          0.035ns  ((TSJ^2 + TIJ^2)^1/2 + DJ) / 2 + PE
    Total System Jitter (TSJ):  0.070ns
    Total Input Jitter (TIJ):   0.000ns
    Discrete Jitter (DJ):       0.000ns
    Phase Error (PE):           0.000ns

  Maximum Data Path at Slow Process Corner: CLK_DIV_PROCESS.clk_counter_5 to CLK_DIV_PROCESS.clk_counter_24
    Location             Delay type         Delay(ns)  Physical Resource
                                                       Logical Resource(s)
    -------------------------------------------------  -------------------
    SLICE_X52Y84.BQ      Tcko                  0.456   CLK_DIV_PROCESS.clk_counter<7>
                                                       CLK_DIV_PROCESS.clk_counter_5
    SLICE_X52Y84.B2      net (fanout=2)        0.672   CLK_DIV_PROCESS.clk_counter<5>
    SLICE_X52Y84.COUT    Topcyb                0.674   CLK_DIV_PROCESS.clk_counter<7>
                                                       CLK_DIV_PROCESS.clk_counter<5>_rt.1
                                                       Mcount_CLK_DIV_PROCESS.clk_counter_cy<7>
    SLICE_X52Y85.CIN     net (fanout=1)        0.000   Mcount_CLK_DIV_PROCESS.clk_counter_cy<7>
    SLICE_X52Y85.COUT    Tbyp                  0.114   CLK_DIV_PROCESS.clk_counter<11>
                                                       Mcount_CLK_DIV_PROCESS.clk_counter_cy<11>
    SLICE_X52Y86.CIN     net (fanout=1)        0.000   Mcount_CLK_DIV_PROCESS.clk_counter_cy<11>
    SLICE_X52Y86.COUT    Tbyp                  0.114   CLK_DIV_PROCESS.clk_counter<15>
                                                       Mcount_CLK_DIV_PROCESS.clk_counter_cy<15>
    SLICE_X52Y87.CIN     net (fanout=1)        0.000   Mcount_CLK_DIV_PROCESS.clk_counter_cy<15>
    SLICE_X52Y87.COUT    Tbyp                  0.114   CLK_DIV_PROCESS.clk_counter<19>
                                                       Mcount_CLK_DIV_PROCESS.clk_counter_cy<19>
    SLICE_X52Y88.CIN     net (fanout=1)        0.000   Mcount_CLK_DIV_PROCESS.clk_counter_cy<19>
    SLICE_X52Y88.COUT    Tbyp                  0.114   CLK_DIV_PROCESS.clk_counter<23>
                                                       Mcount_CLK_DIV_PROCESS.clk_counter_cy<23>
    SLICE_X52Y89.CIN     net (fanout=1)        0.000   Mcount_CLK_DIV_PROCESS.clk_counter_cy<23>
    SLICE_X52Y89.CLK     Tcinck                0.161   CLK_DIV_PROCESS.clk_counter<25>
                                                       Mcount_CLK_DIV_PROCESS.clk_counter_xor<25>
                                                       CLK_DIV_PROCESS.clk_counter_24
    -------------------------------------------------  ---------------------------
    Total                                      2.419ns (1.747ns logic, 0.672ns route)
                                                       (72.2% logic, 27.8% route)

--------------------------------------------------------------------------------
Slack (setup path):     7.560ns (requirement - (data path - clock path skew + uncertainty))
  Source:               CLK_DIV_PROCESS.clk_counter_2 (FF)
  Destination:          CLK_DIV_PROCESS.clk_counter_24 (FF)
  Requirement:          10.000ns
  Data Path Delay:      2.386ns (Levels of Logic = 7)
  Clock Path Skew:      -0.019ns (0.168 - 0.187)
  Source Clock:         CLK_undiv_BUFGP rising at 0.000ns
  Destination Clock:    CLK_undiv_BUFGP rising at 10.000ns
  Clock Uncertainty:    0.035ns

  Clock Uncertainty:          0.035ns  ((TSJ^2 + TIJ^2)^1/2 + DJ) / 2 + PE
    Total System Jitter (TSJ):  0.070ns
    Total Input Jitter (TIJ):   0.000ns
    Discrete Jitter (DJ):       0.000ns
    Phase Error (PE):           0.000ns

  Maximum Data Path at Slow Process Corner: CLK_DIV_PROCESS.clk_counter_2 to CLK_DIV_PROCESS.clk_counter_24
    Location             Delay type         Delay(ns)  Physical Resource
                                                       Logical Resource(s)
    -------------------------------------------------  -------------------
    SLICE_X52Y83.CQ      Tcko                  0.456   CLK_DIV_PROCESS.clk_counter<3>
                                                       CLK_DIV_PROCESS.clk_counter_2
    SLICE_X52Y83.C2      net (fanout=2)        0.677   CLK_DIV_PROCESS.clk_counter<2>
    SLICE_X52Y83.COUT    Topcyc                0.522   CLK_DIV_PROCESS.clk_counter<3>
                                                       CLK_DIV_PROCESS.clk_counter<2>_rt.1
                                                       Mcount_CLK_DIV_PROCESS.clk_counter_cy<3>
    SLICE_X52Y84.CIN     net (fanout=1)        0.000   Mcount_CLK_DIV_PROCESS.clk_counter_cy<3>
    SLICE_X52Y84.COUT    Tbyp                  0.114   CLK_DIV_PROCESS.clk_counter<7>
                                                       Mcount_CLK_DIV_PROCESS.clk_counter_cy<7>
    SLICE_X52Y85.CIN     net (fanout=1)        0.000   Mcount_CLK_DIV_PROCESS.clk_counter_cy<7>
    SLICE_X52Y85.COUT    Tbyp                  0.114   CLK_DIV_PROCESS.clk_counter<11>
                                                       Mcount_CLK_DIV_PROCESS.clk_counter_cy<11>
    SLICE_X52Y86.CIN     net (fanout=1)        0.000   Mcount_CLK_DIV_PROCESS.clk_counter_cy<11>
    SLICE_X52Y86.COUT    Tbyp                  0.114   CLK_DIV_PROCESS.clk_counter<15>
                                                       Mcount_CLK_DIV_PROCESS.clk_counter_cy<15>
    SLICE_X52Y87.CIN     net (fanout=1)        0.000   Mcount_CLK_DIV_PROCESS.clk_counter_cy<15>
    SLICE_X52Y87.COUT    Tbyp                  0.114   CLK_DIV_PROCESS.clk_counter<19>
                                                       Mcount_CLK_DIV_PROCESS.clk_counter_cy<19>
    SLICE_X52Y88.CIN     net (fanout=1)        0.000   Mcount_CLK_DIV_PROCESS.clk_counter_cy<19>
    SLICE_X52Y88.COUT    Tbyp                  0.114   CLK_DIV_PROCESS.clk_counter<23>
                                                       Mcount_CLK_DIV_PROCESS.clk_counter_cy<23>
    SLICE_X52Y89.CIN     net (fanout=1)        0.000   Mcount_CLK_DIV_PROCESS.clk_counter_cy<23>
    SLICE_X52Y89.CLK     Tcinck                0.161   CLK_DIV_PROCESS.clk_counter<25>
                                                       Mcount_CLK_DIV_PROCESS.clk_counter_xor<25>
                                                       CLK_DIV_PROCESS.clk_counter_24
    -------------------------------------------------  ---------------------------
    Total                                      2.386ns (1.709ns logic, 0.677ns route)
                                                       (71.6% logic, 28.4% route)

--------------------------------------------------------------------------------

Paths for end point CLK_DIV_PROCESS.clk_counter_21 (SLICE_X52Y88.CIN), 20 paths
--------------------------------------------------------------------------------
Slack (setup path):     7.415ns (requirement - (data path - clock path skew + uncertainty))
  Source:               CLK_DIV_PROCESS.clk_counter_1 (FF)
  Destination:          CLK_DIV_PROCESS.clk_counter_21 (FF)
  Requirement:          10.000ns
  Data Path Delay:      2.530ns (Levels of Logic = 6)
  Clock Path Skew:      -0.020ns (0.167 - 0.187)
  Source Clock:         CLK_undiv_BUFGP rising at 0.000ns
  Destination Clock:    CLK_undiv_BUFGP rising at 10.000ns
  Clock Uncertainty:    0.035ns

  Clock Uncertainty:          0.035ns  ((TSJ^2 + TIJ^2)^1/2 + DJ) / 2 + PE
    Total System Jitter (TSJ):  0.070ns
    Total Input Jitter (TIJ):   0.000ns
    Discrete Jitter (DJ):       0.000ns
    Phase Error (PE):           0.000ns

  Maximum Data Path at Slow Process Corner: CLK_DIV_PROCESS.clk_counter_1 to CLK_DIV_PROCESS.clk_counter_21
    Location             Delay type         Delay(ns)  Physical Resource
                                                       Logical Resource(s)
    -------------------------------------------------  -------------------
    SLICE_X52Y83.BQ      Tcko                  0.456   CLK_DIV_PROCESS.clk_counter<3>
                                                       CLK_DIV_PROCESS.clk_counter_1
    SLICE_X52Y83.B2      net (fanout=2)        0.672   CLK_DIV_PROCESS.clk_counter<1>
    SLICE_X52Y83.COUT    Topcyb                0.674   CLK_DIV_PROCESS.clk_counter<3>
                                                       CLK_DIV_PROCESS.clk_counter<1>_rt.1
                                                       Mcount_CLK_DIV_PROCESS.clk_counter_cy<3>
    SLICE_X52Y84.CIN     net (fanout=1)        0.000   Mcount_CLK_DIV_PROCESS.clk_counter_cy<3>
    SLICE_X52Y84.COUT    Tbyp                  0.114   CLK_DIV_PROCESS.clk_counter<7>
                                                       Mcount_CLK_DIV_PROCESS.clk_counter_cy<7>
    SLICE_X52Y85.CIN     net (fanout=1)        0.000   Mcount_CLK_DIV_PROCESS.clk_counter_cy<7>
    SLICE_X52Y85.COUT    Tbyp                  0.114   CLK_DIV_PROCESS.clk_counter<11>
                                                       Mcount_CLK_DIV_PROCESS.clk_counter_cy<11>
    SLICE_X52Y86.CIN     net (fanout=1)        0.000   Mcount_CLK_DIV_PROCESS.clk_counter_cy<11>
    SLICE_X52Y86.COUT    Tbyp                  0.114   CLK_DIV_PROCESS.clk_counter<15>
                                                       Mcount_CLK_DIV_PROCESS.clk_counter_cy<15>
    SLICE_X52Y87.CIN     net (fanout=1)        0.000   Mcount_CLK_DIV_PROCESS.clk_counter_cy<15>
    SLICE_X52Y87.COUT    Tbyp                  0.114   CLK_DIV_PROCESS.clk_counter<19>
                                                       Mcount_CLK_DIV_PROCESS.clk_counter_cy<19>
    SLICE_X52Y88.CIN     net (fanout=1)        0.000   Mcount_CLK_DIV_PROCESS.clk_counter_cy<19>
    SLICE_X52Y88.CLK     Tcinck                0.272   CLK_DIV_PROCESS.clk_counter<23>
                                                       Mcount_CLK_DIV_PROCESS.clk_counter_cy<23>
                                                       CLK_DIV_PROCESS.clk_counter_21
    -------------------------------------------------  ---------------------------
    Total                                      2.530ns (1.858ns logic, 0.672ns route)
                                                       (73.4% logic, 26.6% route)

--------------------------------------------------------------------------------
Slack (setup path):     7.528ns (requirement - (data path - clock path skew + uncertainty))
  Source:               CLK_DIV_PROCESS.clk_counter_5 (FF)
  Destination:          CLK_DIV_PROCESS.clk_counter_21 (FF)
  Requirement:          10.000ns
  Data Path Delay:      2.416ns (Levels of Logic = 5)
  Clock Path Skew:      -0.021ns (0.167 - 0.188)
  Source Clock:         CLK_undiv_BUFGP rising at 0.000ns
  Destination Clock:    CLK_undiv_BUFGP rising at 10.000ns
  Clock Uncertainty:    0.035ns

  Clock Uncertainty:          0.035ns  ((TSJ^2 + TIJ^2)^1/2 + DJ) / 2 + PE
    Total System Jitter (TSJ):  0.070ns
    Total Input Jitter (TIJ):   0.000ns
    Discrete Jitter (DJ):       0.000ns
    Phase Error (PE):           0.000ns

  Maximum Data Path at Slow Process Corner: CLK_DIV_PROCESS.clk_counter_5 to CLK_DIV_PROCESS.clk_counter_21
    Location             Delay type         Delay(ns)  Physical Resource
                                                       Logical Resource(s)
    -------------------------------------------------  -------------------
    SLICE_X52Y84.BQ      Tcko                  0.456   CLK_DIV_PROCESS.clk_counter<7>
                                                       CLK_DIV_PROCESS.clk_counter_5
    SLICE_X52Y84.B2      net (fanout=2)        0.672   CLK_DIV_PROCESS.clk_counter<5>
    SLICE_X52Y84.COUT    Topcyb                0.674   CLK_DIV_PROCESS.clk_counter<7>
                                                       CLK_DIV_PROCESS.clk_counter<5>_rt.1
                                                       Mcount_CLK_DIV_PROCESS.clk_counter_cy<7>
    SLICE_X52Y85.CIN     net (fanout=1)        0.000   Mcount_CLK_DIV_PROCESS.clk_counter_cy<7>
    SLICE_X52Y85.COUT    Tbyp                  0.114   CLK_DIV_PROCESS.clk_counter<11>
                                                       Mcount_CLK_DIV_PROCESS.clk_counter_cy<11>
    SLICE_X52Y86.CIN     net (fanout=1)        0.000   Mcount_CLK_DIV_PROCESS.clk_counter_cy<11>
    SLICE_X52Y86.COUT    Tbyp                  0.114   CLK_DIV_PROCESS.clk_counter<15>
                                                       Mcount_CLK_DIV_PROCESS.clk_counter_cy<15>
    SLICE_X52Y87.CIN     net (fanout=1)        0.000   Mcount_CLK_DIV_PROCESS.clk_counter_cy<15>
    SLICE_X52Y87.COUT    Tbyp                  0.114   CLK_DIV_PROCESS.clk_counter<19>
                                                       Mcount_CLK_DIV_PROCESS.clk_counter_cy<19>
    SLICE_X52Y88.CIN     net (fanout=1)        0.000   Mcount_CLK_DIV_PROCESS.clk_counter_cy<19>
    SLICE_X52Y88.CLK     Tcinck                0.272   CLK_DIV_PROCESS.clk_counter<23>
                                                       Mcount_CLK_DIV_PROCESS.clk_counter_cy<23>
                                                       CLK_DIV_PROCESS.clk_counter_21
    -------------------------------------------------  ---------------------------
    Total                                      2.416ns (1.744ns logic, 0.672ns route)
                                                       (72.2% logic, 27.8% route)

--------------------------------------------------------------------------------
Slack (setup path):     7.562ns (requirement - (data path - clock path skew + uncertainty))
  Source:               CLK_DIV_PROCESS.clk_counter_2 (FF)
  Destination:          CLK_DIV_PROCESS.clk_counter_21 (FF)
  Requirement:          10.000ns
  Data Path Delay:      2.383ns (Levels of Logic = 6)
  Clock Path Skew:      -0.020ns (0.167 - 0.187)
  Source Clock:         CLK_undiv_BUFGP rising at 0.000ns
  Destination Clock:    CLK_undiv_BUFGP rising at 10.000ns
  Clock Uncertainty:    0.035ns

  Clock Uncertainty:          0.035ns  ((TSJ^2 + TIJ^2)^1/2 + DJ) / 2 + PE
    Total System Jitter (TSJ):  0.070ns
    Total Input Jitter (TIJ):   0.000ns
    Discrete Jitter (DJ):       0.000ns
    Phase Error (PE):           0.000ns

  Maximum Data Path at Slow Process Corner: CLK_DIV_PROCESS.clk_counter_2 to CLK_DIV_PROCESS.clk_counter_21
    Location             Delay type         Delay(ns)  Physical Resource
                                                       Logical Resource(s)
    -------------------------------------------------  -------------------
    SLICE_X52Y83.CQ      Tcko                  0.456   CLK_DIV_PROCESS.clk_counter<3>
                                                       CLK_DIV_PROCESS.clk_counter_2
    SLICE_X52Y83.C2      net (fanout=2)        0.677   CLK_DIV_PROCESS.clk_counter<2>
    SLICE_X52Y83.COUT    Topcyc                0.522   CLK_DIV_PROCESS.clk_counter<3>
                                                       CLK_DIV_PROCESS.clk_counter<2>_rt.1
                                                       Mcount_CLK_DIV_PROCESS.clk_counter_cy<3>
    SLICE_X52Y84.CIN     net (fanout=1)        0.000   Mcount_CLK_DIV_PROCESS.clk_counter_cy<3>
    SLICE_X52Y84.COUT    Tbyp                  0.114   CLK_DIV_PROCESS.clk_counter<7>
                                                       Mcount_CLK_DIV_PROCESS.clk_counter_cy<7>
    SLICE_X52Y85.CIN     net (fanout=1)        0.000   Mcount_CLK_DIV_PROCESS.clk_counter_cy<7>
    SLICE_X52Y85.COUT    Tbyp                  0.114   CLK_DIV_PROCESS.clk_counter<11>
                                                       Mcount_CLK_DIV_PROCESS.clk_counter_cy<11>
    SLICE_X52Y86.CIN     net (fanout=1)        0.000   Mcount_CLK_DIV_PROCESS.clk_counter_cy<11>
    SLICE_X52Y86.COUT    Tbyp                  0.114   CLK_DIV_PROCESS.clk_counter<15>
                                                       Mcount_CLK_DIV_PROCESS.clk_counter_cy<15>
    SLICE_X52Y87.CIN     net (fanout=1)        0.000   Mcount_CLK_DIV_PROCESS.clk_counter_cy<15>
    SLICE_X52Y87.COUT    Tbyp                  0.114   CLK_DIV_PROCESS.clk_counter<19>
                                                       Mcount_CLK_DIV_PROCESS.clk_counter_cy<19>
    SLICE_X52Y88.CIN     net (fanout=1)        0.000   Mcount_CLK_DIV_PROCESS.clk_counter_cy<19>
    SLICE_X52Y88.CLK     Tcinck                0.272   CLK_DIV_PROCESS.clk_counter<23>
                                                       Mcount_CLK_DIV_PROCESS.clk_counter_cy<23>
                                                       CLK_DIV_PROCESS.clk_counter_21
    -------------------------------------------------  ---------------------------
    Total                                      2.383ns (1.706ns logic, 0.677ns route)
                                                       (71.6% logic, 28.4% route)

--------------------------------------------------------------------------------

Hold Paths: TS_sys_clk_pin = PERIOD TIMEGRP "sys_clk_pin" 100 MHz HIGH 50%;
--------------------------------------------------------------------------------

Paths for end point CLK (SLICE_X53Y89.A5), 1 path
--------------------------------------------------------------------------------
Slack (hold path):      0.271ns (requirement - (clock path skew + uncertainty - data path))
  Source:               CLK_DIV_PROCESS.clk_counter_24 (FF)
  Destination:          CLK (FF)
  Requirement:          0.000ns
  Data Path Delay:      0.284ns (Levels of Logic = 1)
  Clock Path Skew:      0.013ns (0.071 - 0.058)
  Source Clock:         CLK_undiv_BUFGP rising at 10.000ns
  Destination Clock:    CLK_undiv_BUFGP rising at 10.000ns
  Clock Uncertainty:    0.000ns

  Minimum Data Path at Fast Process Corner: CLK_DIV_PROCESS.clk_counter_24 to CLK
    Location             Delay type         Delay(ns)  Physical Resource
                                                       Logical Resource(s)
    -------------------------------------------------  -------------------
    SLICE_X52Y89.AQ      Tcko                  0.141   CLK_DIV_PROCESS.clk_counter<25>
                                                       CLK_DIV_PROCESS.clk_counter_24
    SLICE_X53Y89.A5      net (fanout=2)        0.097   CLK_DIV_PROCESS.clk_counter<24>
    SLICE_X53Y89.CLK     Tah         (-Th)    -0.046   CLK
                                                       CLK_DIV_PROCESS.clk_counter<24>_rt
                                                       Madd_CLK_DIV_PROCESS.clk_counter[25]_GND_5_o_add_12_OUT_xor<25>
                                                       CLK
    -------------------------------------------------  ---------------------------
    Total                                      0.284ns (0.187ns logic, 0.097ns route)
                                                       (65.8% logic, 34.2% route)

--------------------------------------------------------------------------------

Paths for end point CLK (SLICE_X53Y89.B4), 1 path
--------------------------------------------------------------------------------
Slack (hold path):      0.281ns (requirement - (clock path skew + uncertainty - data path))
  Source:               CLK_DIV_PROCESS.clk_counter_25 (FF)
  Destination:          CLK (FF)
  Requirement:          0.000ns
  Data Path Delay:      0.294ns (Levels of Logic = 1)
  Clock Path Skew:      0.013ns (0.071 - 0.058)
  Source Clock:         CLK_undiv_BUFGP rising at 10.000ns
  Destination Clock:    CLK_undiv_BUFGP rising at 10.000ns
  Clock Uncertainty:    0.000ns

  Minimum Data Path at Fast Process Corner: CLK_DIV_PROCESS.clk_counter_25 to CLK
    Location             Delay type         Delay(ns)  Physical Resource
                                                       Logical Resource(s)
    -------------------------------------------------  -------------------
    SLICE_X52Y89.BQ      Tcko                  0.141   CLK_DIV_PROCESS.clk_counter<25>
                                                       CLK_DIV_PROCESS.clk_counter_25
    SLICE_X53Y89.B4      net (fanout=2)        0.148   CLK_DIV_PROCESS.clk_counter<25>
    SLICE_X53Y89.CLK     Tah         (-Th)    -0.005   CLK
                                                       CLK_DIV_PROCESS.clk_counter<25>_rt
                                                       Madd_CLK_DIV_PROCESS.clk_counter[25]_GND_5_o_add_12_OUT_xor<25>
                                                       CLK
    -------------------------------------------------  ---------------------------
    Total                                      0.294ns (0.146ns logic, 0.148ns route)
                                                       (49.7% logic, 50.3% route)

--------------------------------------------------------------------------------

Paths for end point CLK_DIV_PROCESS.clk_counter_3 (SLICE_X52Y83.D3), 1 path
--------------------------------------------------------------------------------
Slack (hold path):      0.316ns (requirement - (clock path skew + uncertainty - data path))
  Source:               CLK_DIV_PROCESS.clk_counter_3 (FF)
  Destination:          CLK_DIV_PROCESS.clk_counter_3 (FF)
  Requirement:          0.000ns
  Data Path Delay:      0.316ns (Levels of Logic = 1)
  Clock Path Skew:      0.000ns
  Source Clock:         CLK_undiv_BUFGP rising at 10.000ns
  Destination Clock:    CLK_undiv_BUFGP rising at 10.000ns
  Clock Uncertainty:    0.000ns

  Minimum Data Path at Fast Process Corner: CLK_DIV_PROCESS.clk_counter_3 to CLK_DIV_PROCESS.clk_counter_3
    Location             Delay type         Delay(ns)  Physical Resource
                                                       Logical Resource(s)
    -------------------------------------------------  -------------------
    SLICE_X52Y83.DQ      Tcko                  0.141   CLK_DIV_PROCESS.clk_counter<3>
                                                       CLK_DIV_PROCESS.clk_counter_3
    SLICE_X52Y83.D3      net (fanout=2)        0.172   CLK_DIV_PROCESS.clk_counter<3>
    SLICE_X52Y83.CLK     Tah         (-Th)    -0.003   CLK_DIV_PROCESS.clk_counter<3>
                                                       CLK_DIV_PROCESS.clk_counter<3>_rt.1
                                                       Mcount_CLK_DIV_PROCESS.clk_counter_cy<3>
                                                       CLK_DIV_PROCESS.clk_counter_3
    -------------------------------------------------  ---------------------------
    Total                                      0.316ns (0.144ns logic, 0.172ns route)
                                                       (45.6% logic, 54.4% route)

--------------------------------------------------------------------------------

Component Switching Limit Checks: TS_sys_clk_pin = PERIOD TIMEGRP "sys_clk_pin" 100 MHz HIGH 50%;
--------------------------------------------------------------------------------
Slack: 7.845ns (period - min period limit)
  Period: 10.000ns
  Min period limit: 2.155ns (464.037MHz) (Tbcper_I(Fmax))
  Physical resource: CLK_undiv_BUFGP/BUFG/I0
  Logical resource: CLK_undiv_BUFGP/BUFG/I0
  Location pin: BUFGCTRL_X0Y31.I0
  Clock network: CLK_undiv_BUFGP/IBUFG
--------------------------------------------------------------------------------
Slack: 9.000ns (period - (min low pulse limit / (low pulse / period)))
  Period: 10.000ns
  Low pulse: 5.000ns
  Low pulse limit: 0.500ns (Tcl)
  Physical resource: CLK/CLK
  Logical resource: CLK/CK
  Location pin: SLICE_X53Y89.CLK
  Clock network: CLK_undiv_BUFGP
--------------------------------------------------------------------------------
Slack: 9.000ns (period - (min high pulse limit / (high pulse / period)))
  Period: 10.000ns
  High pulse: 5.000ns
  High pulse limit: 0.500ns (Tch)
  Physical resource: CLK/CLK
  Logical resource: CLK/CK
  Location pin: SLICE_X53Y89.CLK
  Clock network: CLK_undiv_BUFGP
--------------------------------------------------------------------------------


All constraints were met.


Data Sheet report:
-----------------
All values displayed in nanoseconds (ns)

Clock to Setup on destination clock CLK_undiv
---------------+---------+---------+---------+---------+
               | Src:Rise| Src:Fall| Src:Rise| Src:Fall|
Source Clock   |Dest:Rise|Dest:Rise|Dest:Fall|Dest:Fall|
---------------+---------+---------+---------+---------+
CLK_undiv      |    2.698|         |         |         |
---------------+---------+---------+---------+---------+


Timing summary:
---------------

Timing errors: 0  Score: 0  (Setup/Max: 0, Hold: 0)

Constraints cover 377 paths, 0 nets, and 73 connections

Design statistics:
   Minimum period:   2.698ns{1}   (Maximum frequency: 370.645MHz)


------------------------------------Footnotes-----------------------------------
1)  The minimum period statistic assumes all single cycle delays.

Analysis completed Thu Oct 30 22:48:45 2014 
--------------------------------------------------------------------------------

Trace Settings:
-------------------------
Trace Settings 

Peak Memory Usage: 593 MB



