Release 14.7 - xst P.20131013 (nt64)
Copyright (c) 1995-2013 Xilinx, Inc.  All rights reserved.
--> Parameter TMPDIR set to xst/projnav.tmp


Total REAL time to Xst completion: 0.00 secs
Total CPU time to Xst completion: 0.10 secs
 
--> Parameter xsthdpdir set to xst


Total REAL time to Xst completion: 0.00 secs
Total CPU time to Xst completion: 0.10 secs
 
--> Reading design: TOP.prj

TABLE OF CONTENTS
  1) Synthesis Options Summary
  2) HDL Parsing
  3) HDL Elaboration
  4) HDL Synthesis
       4.1) HDL Synthesis Report
  5) Advanced HDL Synthesis
       5.1) Advanced HDL Synthesis Report
  6) Low Level Synthesis
  7) Partition Report
  8) Design Summary
       8.1) Primitive and Black Box Usage
       8.2) Device utilization summary
       8.3) Partition Resource Summary
       8.4) Timing Report
            8.4.1) Clock Information
            8.4.2) Asynchronous Control Signals Information
            8.4.3) Timing Summary
            8.4.4) Timing Details
            8.4.5) Cross Clock Domains Report


=========================================================================
*                      Synthesis Options Summary                        *
=========================================================================
---- Source Parameters
Input File Name                    : "TOP.prj"
Ignore Synthesis Constraint File   : NO

---- Target Parameters
Output File Name                   : "TOP"
Output Format                      : NGC
Target Device                      : xc7a100t-1-csg324

---- Source Options
Top Module Name                    : TOP
Automatic FSM Extraction           : YES
FSM Encoding Algorithm             : Auto
Safe Implementation                : No
FSM Style                          : LUT
RAM Extraction                     : Yes
RAM Style                          : Auto
ROM Extraction                     : Yes
Shift Register Extraction          : YES
ROM Style                          : Auto
Resource Sharing                   : YES
Asynchronous To Synchronous        : NO
Shift Register Minimum Size        : 2
Use DSP Block                      : Auto
Automatic Register Balancing       : No

---- Target Options
LUT Combining                      : Auto
Reduce Control Sets                : Auto
Add IO Buffers                     : YES
Global Maximum Fanout              : 100000
Add Generic Clock Buffer(BUFG)     : 32
Register Duplication               : YES
Optimize Instantiated Primitives   : NO
Use Clock Enable                   : Auto
Use Synchronous Set                : Auto
Use Synchronous Reset              : Auto
Pack IO Registers into IOBs        : Auto
Equivalent register Removal        : YES

---- General Options
Optimization Goal                  : Speed
Optimization Effort                : 1
Power Reduction                    : NO
Keep Hierarchy                     : No
Netlist Hierarchy                  : As_Optimized
RTL Output                         : Yes
Global Optimization                : AllClockNets
Read Cores                         : YES
Write Timing Constraints           : NO
Cross Clock Analysis               : NO
Hierarchy Separator                : /
Bus Delimiter                      : <>
Case Specifier                     : Maintain
Slice Utilization Ratio            : 100
BRAM Utilization Ratio             : 100
DSP48 Utilization Ratio            : 100
Auto BRAM Packing                  : NO
Slice Utilization Ratio Delta      : 5

=========================================================================


=========================================================================
*                          HDL Parsing                                  *
=========================================================================
Parsing VHDL file "C:\Users\junchao\Documents\GitHub\MIPS-processor\srln.vhd" into library work
Parsing entity <srln>.
Parsing architecture <arch_srln> of entity <srln>.
Parsing VHDL file "C:\Users\junchao\Documents\GitHub\MIPS-processor\sran.vhd" into library work
Parsing entity <sran>.
Parsing architecture <arch_sran> of entity <sran>.
Parsing VHDL file "C:\Users\junchao\Documents\GitHub\MIPS-processor\sll2.vhd" into library work
Parsing entity <slln>.
Parsing architecture <arch_slln> of entity <slln>.
Parsing VHDL file "C:\Users\junchao\Documents\GitHub\MIPS-processor\shifter.vhd" into library work
Parsing entity <shifter>.
Parsing architecture <arch_shifter> of entity <shifter>.
Parsing VHDL file "C:\Users\junchao\Documents\GitHub\MIPS-processor\AddSub.vhd" into library work
Parsing entity <AddSub>.
Parsing architecture <AddSubArch> of entity <addsub>.
Parsing VHDL file "C:\Users\junchao\Documents\GitHub\MIPS-processor\alu_lab2.vhd" into library work
Parsing entity <alu_lab2>.
Parsing architecture <arch_alu_lab2> of entity <alu_lab2>.
Parsing VHDL file "C:\Users\junchao\Documents\GitHub\MIPS-processor\RegFile.vhd" into library work
Parsing entity <RegFile>.
Parsing architecture <arch_RegFile> of entity <regfile>.
Parsing VHDL file "C:\Users\junchao\Documents\GitHub\MIPS-processor\PC.vhd" into library work
Parsing entity <PC>.
Parsing architecture <arch_PC> of entity <pc>.
Parsing VHDL file "C:\Users\junchao\Documents\GitHub\MIPS-processor\ControlUnit.vhd" into library work
Parsing entity <ControlUnit>.
Parsing architecture <arch_ControlUnit> of entity <controlunit>.
Parsing VHDL file "C:\Users\junchao\Documents\GitHub\MIPS-processor\ALU.vhd" into library work
Parsing entity <ALU>.
Parsing architecture <arch_ALU> of entity <alu>.
Parsing VHDL file "C:\Users\junchao\Documents\GitHub\MIPS-processor\MIPS.vhd" into library work
Parsing entity <MIPS>.
Parsing architecture <arch_MIPS> of entity <mips>.
Parsing VHDL file "C:\Users\junchao\Documents\GitHub\MIPS-processor\TOP.vhd" into library work
Parsing entity <TOP>.
Parsing architecture <arch_TOP> of entity <top>.

=========================================================================
*                            HDL Elaboration                            *
=========================================================================

Elaborating entity <TOP> (architecture <arch_TOP>) from library <work>.

Elaborating entity <MIPS> (architecture <arch_MIPS>) from library <work>.

Elaborating entity <PC> (architecture <arch_PC>) from library <work>.

Elaborating entity <ALU> (architecture <arch_ALU>) from library <work>.
WARNING:HDLCompiler:871 - "C:\Users\junchao\Documents\GitHub\MIPS-processor\ALU.vhd" Line 56: Using initial value "000000" for alu_lab2_control since it is never assigned

Elaborating entity <alu_lab2> (architecture <arch_alu_lab2>) with generics from library <work>.

Elaborating entity <AddSub> (architecture <AddSubArch>) with generics from library <work>.

Elaborating entity <shifter> (architecture <arch_shifter>) from library <work>.

Elaborating entity <slln> (architecture <arch_slln>) with generics from library <work>.

Elaborating entity <slln> (architecture <arch_slln>) with generics from library <work>.

Elaborating entity <slln> (architecture <arch_slln>) with generics from library <work>.

Elaborating entity <slln> (architecture <arch_slln>) with generics from library <work>.

Elaborating entity <slln> (architecture <arch_slln>) with generics from library <work>.

Elaborating entity <srln> (architecture <arch_srln>) with generics from library <work>.

Elaborating entity <srln> (architecture <arch_srln>) with generics from library <work>.

Elaborating entity <srln> (architecture <arch_srln>) with generics from library <work>.

Elaborating entity <srln> (architecture <arch_srln>) with generics from library <work>.

Elaborating entity <srln> (architecture <arch_srln>) with generics from library <work>.

Elaborating entity <sran> (architecture <arch_sran>) with generics from library <work>.

Elaborating entity <sran> (architecture <arch_sran>) with generics from library <work>.

Elaborating entity <sran> (architecture <arch_sran>) with generics from library <work>.

Elaborating entity <sran> (architecture <arch_sran>) with generics from library <work>.

Elaborating entity <sran> (architecture <arch_sran>) with generics from library <work>.
INFO:HDLCompiler:679 - "C:\Users\junchao\Documents\GitHub\MIPS-processor\ALU.vhd" Line 132. Case statement is complete. others clause is never selected

Elaborating entity <ControlUnit> (architecture <arch_ControlUnit>) from library <work>.

Elaborating entity <RegFile> (architecture <arch_RegFile>) from library <work>.
WARNING:Xst:2972 - "C:\Users\junchao\Documents\GitHub\MIPS-processor\ALU.vhd" line 65. All outputs of instance <ALU_lab2_mapping> of block <alu_lab2> are unconnected in block <ALU>. Underlying logic will be removed.

=========================================================================
*                           HDL Synthesis                               *
=========================================================================

Synthesizing Unit <TOP>.
    Related source file is "C:\Users\junchao\Documents\GitHub\MIPS-processor\TOP.vhd".
    Found 256x32-bit single-port RAM <Mram_DATA_MEM> for signal <DATA_MEM>.
    Found 1-bit register for signal <LED<6>>.
    Found 1-bit register for signal <LED<5>>.
    Found 1-bit register for signal <LED<4>>.
    Found 1-bit register for signal <LED<3>>.
    Found 1-bit register for signal <LED<2>>.
    Found 1-bit register for signal <LED<1>>.
    Found 1-bit register for signal <LED<0>>.
    Found 26-bit register for signal <CLK_DIV_PROCESS.clk_counter>.
    Found 1-bit register for signal <CLK>.
    Found 1-bit register for signal <LED<7>>.
    Found 26-bit adder for signal <CLK_DIV_PROCESS.clk_counter[25]_GND_5_o_add_12_OUT> created at line 215.
    Found 256x32-bit Read Only RAM for signal <Addr_Instr[9]_GND_5_o_wide_mux_8_OUT>
    Found 32-bit comparator lessequal for signal <n0000> created at line 160
    Found 32-bit comparator lessequal for signal <n0002> created at line 160
    Summary:
	inferred   2 RAM(s).
	inferred   1 Adder/Subtractor(s).
	inferred  35 D-type flip-flop(s).
	inferred   2 Comparator(s).
	inferred   3 Multiplexer(s).
Unit <TOP> synthesized.

Synthesizing Unit <MIPS>.
    Related source file is "C:\Users\junchao\Documents\GitHub\MIPS-processor\MIPS.vhd".
INFO:Xst:3210 - "C:\Users\junchao\Documents\GitHub\MIPS-processor\MIPS.vhd" line 166: Output port <ALU_overflow> of the instance <ALU1> is unconnected or connected to loadless signal.
INFO:Xst:3210 - "C:\Users\junchao\Documents\GitHub\MIPS-processor\MIPS.vhd" line 166: Output port <ALU_busy> of the instance <ALU1> is unconnected or connected to loadless signal.
    Found 32-bit adder for signal <PC_increment> created at line 241.
    Found 32-bit adder for signal <PC_temp[31]_PC_increment[31]_add_16_OUT> created at line 247.
    Summary:
	inferred   2 Adder/Subtractor(s).
	inferred   6 Multiplexer(s).
Unit <MIPS> synthesized.

Synthesizing Unit <PC>.
    Related source file is "C:\Users\junchao\Documents\GitHub\MIPS-processor\PC.vhd".
    Found 32-bit register for signal <PC_out>.
    Summary:
	inferred  32 D-type flip-flop(s).
Unit <PC> synthesized.

Synthesizing Unit <ALU>.
    Related source file is "C:\Users\junchao\Documents\GitHub\MIPS-processor\ALU.vhd".
INFO:Xst:3210 - "C:\Users\junchao\Documents\GitHub\MIPS-processor\ALU.vhd" line 65: Output port <Result1> of the instance <ALU_lab2_mapping> is unconnected or connected to loadless signal.
INFO:Xst:3210 - "C:\Users\junchao\Documents\GitHub\MIPS-processor\ALU.vhd" line 65: Output port <Result2> of the instance <ALU_lab2_mapping> is unconnected or connected to loadless signal.
INFO:Xst:3210 - "C:\Users\junchao\Documents\GitHub\MIPS-processor\ALU.vhd" line 65: Output port <Status> of the instance <ALU_lab2_mapping> is unconnected or connected to loadless signal.
WARNING:Xst:653 - Signal <ALU_overflow> is used but never assigned. This sourceless signal will be automatically connected to value GND.
WARNING:Xst:653 - Signal <ALU_busy> is used but never assigned. This sourceless signal will be automatically connected to value GND.
    Found 32-bit adder for signal <AplusB> created at line 79.
    Found 32-bit subtractor for signal <AminusB> created at line 74.
    Found 32-bit 4-to-1 multiplexer for signal <ALU_Out> created at line 87.
    Summary:
	inferred   2 Adder/Subtractor(s).
	inferred   9 Multiplexer(s).
Unit <ALU> synthesized.

Synthesizing Unit <AddSub>.
    Related source file is "C:\Users\junchao\Documents\GitHub\MIPS-processor\AddSub.vhd".
        width = 32
    Summary:
	no macro.
Unit <AddSub> synthesized.

Synthesizing Unit <shifter>.
    Related source file is "C:\Users\junchao\Documents\GitHub\MIPS-processor\shifter.vhd".
    Summary:
	no macro.
Unit <shifter> synthesized.

Synthesizing Unit <slln_1>.
    Related source file is "C:\Users\junchao\Documents\GitHub\MIPS-processor\sll2.vhd".
        N = 1
    Summary:
	inferred   1 Multiplexer(s).
Unit <slln_1> synthesized.

Synthesizing Unit <slln_2>.
    Related source file is "C:\Users\junchao\Documents\GitHub\MIPS-processor\sll2.vhd".
        N = 2
    Summary:
	inferred   1 Multiplexer(s).
Unit <slln_2> synthesized.

Synthesizing Unit <slln_3>.
    Related source file is "C:\Users\junchao\Documents\GitHub\MIPS-processor\sll2.vhd".
        N = 4
    Summary:
	inferred   1 Multiplexer(s).
Unit <slln_3> synthesized.

Synthesizing Unit <slln_4>.
    Related source file is "C:\Users\junchao\Documents\GitHub\MIPS-processor\sll2.vhd".
        N = 8
    Summary:
	inferred   1 Multiplexer(s).
Unit <slln_4> synthesized.

Synthesizing Unit <slln_5>.
    Related source file is "C:\Users\junchao\Documents\GitHub\MIPS-processor\sll2.vhd".
        N = 16
    Summary:
	inferred   1 Multiplexer(s).
Unit <slln_5> synthesized.

Synthesizing Unit <srln_1>.
    Related source file is "C:\Users\junchao\Documents\GitHub\MIPS-processor\srln.vhd".
        N = 1
    Summary:
	inferred   1 Multiplexer(s).
Unit <srln_1> synthesized.

Synthesizing Unit <srln_2>.
    Related source file is "C:\Users\junchao\Documents\GitHub\MIPS-processor\srln.vhd".
        N = 2
    Summary:
	inferred   1 Multiplexer(s).
Unit <srln_2> synthesized.

Synthesizing Unit <srln_3>.
    Related source file is "C:\Users\junchao\Documents\GitHub\MIPS-processor\srln.vhd".
        N = 4
    Summary:
	inferred   1 Multiplexer(s).
Unit <srln_3> synthesized.

Synthesizing Unit <srln_4>.
    Related source file is "C:\Users\junchao\Documents\GitHub\MIPS-processor\srln.vhd".
        N = 8
    Summary:
	inferred   1 Multiplexer(s).
Unit <srln_4> synthesized.

Synthesizing Unit <srln_5>.
    Related source file is "C:\Users\junchao\Documents\GitHub\MIPS-processor\srln.vhd".
        N = 16
    Summary:
	inferred   1 Multiplexer(s).
Unit <srln_5> synthesized.

Synthesizing Unit <sran_1>.
    Related source file is "C:\Users\junchao\Documents\GitHub\MIPS-processor\sran.vhd".
        N = 1
    Summary:
	inferred   1 Multiplexer(s).
Unit <sran_1> synthesized.

Synthesizing Unit <sran_2>.
    Related source file is "C:\Users\junchao\Documents\GitHub\MIPS-processor\sran.vhd".
        N = 2
    Summary:
	inferred   1 Multiplexer(s).
Unit <sran_2> synthesized.

Synthesizing Unit <sran_3>.
    Related source file is "C:\Users\junchao\Documents\GitHub\MIPS-processor\sran.vhd".
        N = 4
    Summary:
	inferred   1 Multiplexer(s).
Unit <sran_3> synthesized.

Synthesizing Unit <sran_4>.
    Related source file is "C:\Users\junchao\Documents\GitHub\MIPS-processor\sran.vhd".
        N = 8
    Summary:
	inferred   1 Multiplexer(s).
Unit <sran_4> synthesized.

Synthesizing Unit <sran_5>.
    Related source file is "C:\Users\junchao\Documents\GitHub\MIPS-processor\sran.vhd".
        N = 16
    Summary:
	inferred   1 Multiplexer(s).
Unit <sran_5> synthesized.

Synthesizing Unit <ControlUnit>.
    Related source file is "C:\Users\junchao\Documents\GitHub\MIPS-processor\ControlUnit.vhd".
WARNING:Xst:737 - Found 1-bit latch for signal <ALUOp<0>>. Latches may be generated from incomplete case or if statements. We do not recommend the use of latches in FPGA/CPLD designs, as they may lead to timing problems.
WARNING:Xst:737 - Found 1-bit latch for signal <Branch>. Latches may be generated from incomplete case or if statements. We do not recommend the use of latches in FPGA/CPLD designs, as they may lead to timing problems.
WARNING:Xst:737 - Found 1-bit latch for signal <Jump>. Latches may be generated from incomplete case or if statements. We do not recommend the use of latches in FPGA/CPLD designs, as they may lead to timing problems.
WARNING:Xst:737 - Found 1-bit latch for signal <MemRead>. Latches may be generated from incomplete case or if statements. We do not recommend the use of latches in FPGA/CPLD designs, as they may lead to timing problems.
WARNING:Xst:737 - Found 1-bit latch for signal <MemWrite>. Latches may be generated from incomplete case or if statements. We do not recommend the use of latches in FPGA/CPLD designs, as they may lead to timing problems.
WARNING:Xst:737 - Found 1-bit latch for signal <InstrtoReg>. Latches may be generated from incomplete case or if statements. We do not recommend the use of latches in FPGA/CPLD designs, as they may lead to timing problems.
WARNING:Xst:737 - Found 1-bit latch for signal <ALUSrc>. Latches may be generated from incomplete case or if statements. We do not recommend the use of latches in FPGA/CPLD designs, as they may lead to timing problems.
WARNING:Xst:737 - Found 1-bit latch for signal <SignExtend>. Latches may be generated from incomplete case or if statements. We do not recommend the use of latches in FPGA/CPLD designs, as they may lead to timing problems.
WARNING:Xst:737 - Found 1-bit latch for signal <RegWrite>. Latches may be generated from incomplete case or if statements. We do not recommend the use of latches in FPGA/CPLD designs, as they may lead to timing problems.
WARNING:Xst:737 - Found 1-bit latch for signal <RegDst>. Latches may be generated from incomplete case or if statements. We do not recommend the use of latches in FPGA/CPLD designs, as they may lead to timing problems.
WARNING:Xst:737 - Found 1-bit latch for signal <ALUOp<1>>. Latches may be generated from incomplete case or if statements. We do not recommend the use of latches in FPGA/CPLD designs, as they may lead to timing problems.
    Summary:
	inferred  11 Latch(s).
Unit <ControlUnit> synthesized.

Synthesizing Unit <RegFile>.
    Related source file is "C:\Users\junchao\Documents\GitHub\MIPS-processor\RegFile.vhd".
    Found 32x32-bit dual-port RAM <Mram_registers> for signal <registers>.
    Summary:
	inferred   2 RAM(s).
Unit <RegFile> synthesized.

=========================================================================
HDL Synthesis Report

Macro Statistics
# RAMs                                                 : 4
 256x32-bit single-port RAM                            : 1
 256x32-bit single-port Read Only RAM                  : 1
 32x32-bit dual-port RAM                               : 2
# Adders/Subtractors                                   : 5
 26-bit adder                                          : 1
 32-bit adder                                          : 3
 32-bit subtractor                                     : 1
# Registers                                            : 11
 1-bit register                                        : 9
 26-bit register                                       : 1
 32-bit register                                       : 1
# Latches                                              : 11
 1-bit latch                                           : 11
# Comparators                                          : 2
 32-bit comparator lessequal                           : 2
# Multiplexers                                         : 18
 1-bit 2-to-1 multiplexer                              : 2
 32-bit 2-to-1 multiplexer                             : 14
 32-bit 4-to-1 multiplexer                             : 1
 5-bit 2-to-1 multiplexer                              : 1
# Xors                                                 : 3
 1-bit xor2                                            : 3

=========================================================================

=========================================================================
*                       Advanced HDL Synthesis                          *
=========================================================================


Synthesizing (advanced) Unit <RegFile>.
INFO:Xst:3218 - HDL ADVISOR - The RAM <Mram_registers> will be implemented on LUTs either because you have described an asynchronous read or because of currently unsupported block RAM features. If you have described an asynchronous read, making it synchronous would allow you to take advantage of available block RAM resources, for optimized device usage and improved timings. Please refer to your documentation for coding guidelines.
    -----------------------------------------------------------------------
    | ram_type           | Distributed                         |          |
    -----------------------------------------------------------------------
    | Port A                                                              |
    |     aspect ratio   | 32-word x 32-bit                    |          |
    |     clkA           | connected to signal <CLK>           | rise     |
    |     weA            | connected to internal node          | high     |
    |     addrA          | connected to signal <WriteAddr_Reg> |          |
    |     diA            | connected to signal <WriteData_Reg> |          |
    -----------------------------------------------------------------------
    | Port B                                                              |
    |     aspect ratio   | 32-word x 32-bit                    |          |
    |     addrB          | connected to signal <ReadAddr1_Reg> |          |
    |     doB            | connected to signal <ReadData1_Reg> |          |
    -----------------------------------------------------------------------
INFO:Xst:3218 - HDL ADVISOR - The RAM <Mram_registers1> will be implemented on LUTs either because you have described an asynchronous read or because of currently unsupported block RAM features. If you have described an asynchronous read, making it synchronous would allow you to take advantage of available block RAM resources, for optimized device usage and improved timings. Please refer to your documentation for coding guidelines.
    -----------------------------------------------------------------------
    | ram_type           | Distributed                         |          |
    -----------------------------------------------------------------------
    | Port A                                                              |
    |     aspect ratio   | 32-word x 32-bit                    |          |
    |     clkA           | connected to signal <CLK>           | rise     |
    |     weA            | connected to internal node          | high     |
    |     addrA          | connected to signal <WriteAddr_Reg> |          |
    |     diA            | connected to signal <WriteData_Reg> |          |
    -----------------------------------------------------------------------
    | Port B                                                              |
    |     aspect ratio   | 32-word x 32-bit                    |          |
    |     addrB          | connected to signal <ReadAddr2_Reg> |          |
    |     doB            | connected to signal <ReadData2_Reg> |          |
    -----------------------------------------------------------------------
Unit <RegFile> synthesized (advanced).

Synthesizing (advanced) Unit <TOP>.
The following registers are absorbed into counter <CLK_DIV_PROCESS.clk_counter>: 1 register on signal <CLK_DIV_PROCESS.clk_counter>.
INFO:Xst:3218 - HDL ADVISOR - The RAM <Mram_DATA_MEM> will be implemented on LUTs either because you have described an asynchronous read or because of currently unsupported block RAM features. If you have described an asynchronous read, making it synchronous would allow you to take advantage of available block RAM resources, for optimized device usage and improved timings. Please refer to your documentation for coding guidelines.
    -----------------------------------------------------------------------
    | ram_type           | Distributed                         |          |
    -----------------------------------------------------------------------
    | Port A                                                              |
    |     aspect ratio   | 256-word x 32-bit                   |          |
    |     clkA           | connected to signal <LED<15>>       | rise     |
    |     weA            | connected to internal node          | high     |
    |     addrA          | connected to signal <Addr_Data<9:2>> |          |
    |     diA            | connected to signal <Data_Out>      |          |
    |     doA            | connected to internal node          |          |
    -----------------------------------------------------------------------
INFO:Xst:3218 - HDL ADVISOR - The RAM <Mram_Addr_Instr[9]_GND_5_o_wide_mux_8_OUT> will be implemented on LUTs either because you have described an asynchronous read or because of currently unsupported block RAM features. If you have described an asynchronous read, making it synchronous would allow you to take advantage of available block RAM resources, for optimized device usage and improved timings. Please refer to your documentation for coding guidelines.
    -----------------------------------------------------------------------
    | ram_type           | Distributed                         |          |
    -----------------------------------------------------------------------
    | Port A                                                              |
    |     aspect ratio   | 256-word x 32-bit                   |          |
    |     weA            | connected to signal <GND>           | high     |
    |     addrA          | connected to signal <(Addr_Instr<9:8>,LED<13:8>)> |          |
    |     diA            | connected to signal <GND>           |          |
    |     doA            | connected to internal node          |          |
    -----------------------------------------------------------------------
Unit <TOP> synthesized (advanced).

=========================================================================
Advanced HDL Synthesis Report

Macro Statistics
# RAMs                                                 : 4
 256x32-bit single-port distributed RAM                : 1
 256x32-bit single-port distributed Read Only RAM      : 1
 32x32-bit dual-port distributed RAM                   : 2
# Adders/Subtractors                                   : 5
 26-bit adder                                          : 1
 32-bit adder                                          : 3
 32-bit subtractor                                     : 1
# Counters                                             : 1
 26-bit up counter                                     : 1
# Registers                                            : 41
 Flip-Flops                                            : 41
# Comparators                                          : 2
 32-bit comparator lessequal                           : 2
# Multiplexers                                         : 18
 1-bit 2-to-1 multiplexer                              : 2
 32-bit 2-to-1 multiplexer                             : 14
 32-bit 4-to-1 multiplexer                             : 1
 5-bit 2-to-1 multiplexer                              : 1
# Xors                                                 : 3
 1-bit xor2                                            : 3

=========================================================================

=========================================================================
*                         Low Level Synthesis                           *
=========================================================================

Optimizing unit <PC> ...

Optimizing unit <TOP> ...

Optimizing unit <MIPS> ...

Optimizing unit <ALU> ...

Optimizing unit <ControlUnit> ...
WARNING:Xst:1293 - FF/Latch <MIPS1/PC1/PC_out_1> has a constant value of 0 in block <TOP>. This FF/Latch will be trimmed during the optimization process.
WARNING:Xst:1896 - Due to other FF/Latch trimming, FF/Latch <MIPS1/PC1/PC_out_0> has a constant value of 0 in block <TOP>. This FF/Latch will be trimmed during the optimization process.

Mapping all equations...
Building and optimizing final netlist ...
Found area constraint ratio of 100 (+ 5) on block TOP, actual ratio is 0.

Final Macro Processing ...

=========================================================================
Final Register Report

Macro Statistics
# Registers                                            : 65
 Flip-Flops                                            : 65

=========================================================================

=========================================================================
*                           Partition Report                            *
=========================================================================

Partition Implementation Status
-------------------------------

  No Partitions were found in this design.

-------------------------------

=========================================================================
*                            Design Summary                             *
=========================================================================

Top Level Output File Name         : TOP.ngc

Primitive and Black Box Usage:
------------------------------
# BELS                             : 1055
#      GND                         : 1
#      INV                         : 3
#      LUT1                        : 79
#      LUT2                        : 19
#      LUT3                        : 66
#      LUT4                        : 75
#      LUT5                        : 100
#      LUT6                        : 359
#      MUXCY                       : 185
#      MUXF7                       : 16
#      VCC                         : 1
#      XORCY                       : 151
# FlipFlops/Latches                : 76
#      FD                          : 27
#      FDE                         : 8
#      FDR                         : 29
#      FDS                         : 1
#      LD                          : 11
# RAMS                             : 46
#      RAM256X1S                   : 32
#      RAM32M                      : 10
#      RAM32X1D                    : 4
# Clock Buffers                    : 2
#      BUFG                        : 1
#      BUFGP                       : 1
# IO Buffers                       : 33
#      IBUF                        : 17
#      OBUF                        : 16

Device utilization summary:
---------------------------

Selected Device : 7a100tcsg324-1 


Slice Logic Utilization: 
 Number of Slice Registers:              76  out of  126800     0%  
 Number of Slice LUTs:                  877  out of  63400     1%  
    Number used as Logic:               701  out of  63400     1%  
    Number used as Memory:              176  out of  19000     0%  
       Number used as RAM:              176

Slice Logic Distribution: 
 Number of LUT Flip Flop pairs used:    877
   Number with an unused Flip Flop:     801  out of    877    91%  
   Number with an unused LUT:             0  out of    877     0%  
   Number of fully used LUT-FF pairs:    76  out of    877     8%  
   Number of unique control sets:         4

IO Utilization: 
 Number of IOs:                          34
 Number of bonded IOBs:                  34  out of    210    16%  

Specific Feature Utilization:
 Number of BUFG/BUFGCTRLs:                2  out of     32     6%  

---------------------------
Partition Resource Summary:
---------------------------

  No Partitions were found in this design.

---------------------------


=========================================================================
Timing Report

NOTE: THESE TIMING NUMBERS ARE ONLY A SYNTHESIS ESTIMATE.
      FOR ACCURATE TIMING INFORMATION PLEASE REFER TO THE TRACE REPORT
      GENERATED AFTER PLACE-and-ROUTE.

Clock Information:
------------------
-------------------------------------------------------------+-----------------------------------+-------+
Clock Signal                                                 | Clock buffer(FF name)             | Load  |
-------------------------------------------------------------+-----------------------------------+-------+
CLK_undiv                                                    | BUFGP                             | 27    |
CLK                                                          | BUFG                              | 84    |
MIPS1/ControlUnit1/_n0090<1>(MIPS1/ControlUnit1/_n0090<1>1:O)| NONE(*)(MIPS1/ControlUnit1/RegDst)| 11    |
-------------------------------------------------------------+-----------------------------------+-------+
(*) This 1 clock signal(s) are generated by combinatorial logic,
and XST is not able to identify which are the primary clock signals.
Please use the CLOCK_SIGNAL constraint to specify the clock signal(s) generated by combinatorial logic.
INFO:Xst:2169 - HDL ADVISOR - Some clock signals were not automatically buffered by XST with BUFG/BUFR resources. Please use the buffer_type constraint in order to insert these buffers to the clock signals to help prevent skew problems.

Asynchronous Control Signals Information:
----------------------------------------
No asynchronous control signals found in this design

Timing Summary:
---------------
Speed Grade: -1

   Minimum period: 9.880ns (Maximum Frequency: 101.214MHz)
   Minimum input arrival time before clock: 2.612ns
   Maximum output required time after clock: 1.028ns
   Maximum combinational path delay: No path found

Timing Details:
---------------
All values displayed in nanoseconds (ns)

=========================================================================
Timing constraint: Default period analysis for Clock 'CLK_undiv'
  Clock period: 2.743ns (frequency: 364.564MHz)
  Total number of paths / destination ports: 377 / 27
-------------------------------------------------------------------------
Delay:               2.743ns (Levels of Logic = 27)
  Source:            CLK_DIV_PROCESS.clk_counter_0 (FF)
  Destination:       CLK (FF)
  Source Clock:      CLK_undiv rising
  Destination Clock: CLK_undiv rising

  Data Path: CLK_DIV_PROCESS.clk_counter_0 to CLK
                                Gate     Net
    Cell:in->out      fanout   Delay   Delay  Logical Name (Net Name)
    ----------------------------------------  ------------
     FD:C->Q               2   0.478   0.405  CLK_DIV_PROCESS.clk_counter_0 (CLK_DIV_PROCESS.clk_counter_0)
     INV:I->O              1   0.146   0.000  Madd_CLK_DIV_PROCESS.clk_counter[25]_GND_5_o_add_12_OUT_lut<0>_INV_0 (Madd_CLK_DIV_PROCESS.clk_counter[25]_GND_5_o_add_12_OUT_lut<0>)
     MUXCY:S->O            1   0.472   0.000  Madd_CLK_DIV_PROCESS.clk_counter[25]_GND_5_o_add_12_OUT_cy<0> (Madd_CLK_DIV_PROCESS.clk_counter[25]_GND_5_o_add_12_OUT_cy<0>)
     MUXCY:CI->O           1   0.029   0.000  Madd_CLK_DIV_PROCESS.clk_counter[25]_GND_5_o_add_12_OUT_cy<1> (Madd_CLK_DIV_PROCESS.clk_counter[25]_GND_5_o_add_12_OUT_cy<1>)
     MUXCY:CI->O           1   0.029   0.000  Madd_CLK_DIV_PROCESS.clk_counter[25]_GND_5_o_add_12_OUT_cy<2> (Madd_CLK_DIV_PROCESS.clk_counter[25]_GND_5_o_add_12_OUT_cy<2>)
     MUXCY:CI->O           1   0.029   0.000  Madd_CLK_DIV_PROCESS.clk_counter[25]_GND_5_o_add_12_OUT_cy<3> (Madd_CLK_DIV_PROCESS.clk_counter[25]_GND_5_o_add_12_OUT_cy<3>)
     MUXCY:CI->O           1   0.029   0.000  Madd_CLK_DIV_PROCESS.clk_counter[25]_GND_5_o_add_12_OUT_cy<4> (Madd_CLK_DIV_PROCESS.clk_counter[25]_GND_5_o_add_12_OUT_cy<4>)
     MUXCY:CI->O           1   0.029   0.000  Madd_CLK_DIV_PROCESS.clk_counter[25]_GND_5_o_add_12_OUT_cy<5> (Madd_CLK_DIV_PROCESS.clk_counter[25]_GND_5_o_add_12_OUT_cy<5>)
     MUXCY:CI->O           1   0.029   0.000  Madd_CLK_DIV_PROCESS.clk_counter[25]_GND_5_o_add_12_OUT_cy<6> (Madd_CLK_DIV_PROCESS.clk_counter[25]_GND_5_o_add_12_OUT_cy<6>)
     MUXCY:CI->O           1   0.029   0.000  Madd_CLK_DIV_PROCESS.clk_counter[25]_GND_5_o_add_12_OUT_cy<7> (Madd_CLK_DIV_PROCESS.clk_counter[25]_GND_5_o_add_12_OUT_cy<7>)
     MUXCY:CI->O           1   0.029   0.000  Madd_CLK_DIV_PROCESS.clk_counter[25]_GND_5_o_add_12_OUT_cy<8> (Madd_CLK_DIV_PROCESS.clk_counter[25]_GND_5_o_add_12_OUT_cy<8>)
     MUXCY:CI->O           1   0.029   0.000  Madd_CLK_DIV_PROCESS.clk_counter[25]_GND_5_o_add_12_OUT_cy<9> (Madd_CLK_DIV_PROCESS.clk_counter[25]_GND_5_o_add_12_OUT_cy<9>)
     MUXCY:CI->O           1   0.029   0.000  Madd_CLK_DIV_PROCESS.clk_counter[25]_GND_5_o_add_12_OUT_cy<10> (Madd_CLK_DIV_PROCESS.clk_counter[25]_GND_5_o_add_12_OUT_cy<10>)
     MUXCY:CI->O           1   0.029   0.000  Madd_CLK_DIV_PROCESS.clk_counter[25]_GND_5_o_add_12_OUT_cy<11> (Madd_CLK_DIV_PROCESS.clk_counter[25]_GND_5_o_add_12_OUT_cy<11>)
     MUXCY:CI->O           1   0.029   0.000  Madd_CLK_DIV_PROCESS.clk_counter[25]_GND_5_o_add_12_OUT_cy<12> (Madd_CLK_DIV_PROCESS.clk_counter[25]_GND_5_o_add_12_OUT_cy<12>)
     MUXCY:CI->O           1   0.029   0.000  Madd_CLK_DIV_PROCESS.clk_counter[25]_GND_5_o_add_12_OUT_cy<13> (Madd_CLK_DIV_PROCESS.clk_counter[25]_GND_5_o_add_12_OUT_cy<13>)
     MUXCY:CI->O           1   0.029   0.000  Madd_CLK_DIV_PROCESS.clk_counter[25]_GND_5_o_add_12_OUT_cy<14> (Madd_CLK_DIV_PROCESS.clk_counter[25]_GND_5_o_add_12_OUT_cy<14>)
     MUXCY:CI->O           1   0.029   0.000  Madd_CLK_DIV_PROCESS.clk_counter[25]_GND_5_o_add_12_OUT_cy<15> (Madd_CLK_DIV_PROCESS.clk_counter[25]_GND_5_o_add_12_OUT_cy<15>)
     MUXCY:CI->O           1   0.029   0.000  Madd_CLK_DIV_PROCESS.clk_counter[25]_GND_5_o_add_12_OUT_cy<16> (Madd_CLK_DIV_PROCESS.clk_counter[25]_GND_5_o_add_12_OUT_cy<16>)
     MUXCY:CI->O           1   0.029   0.000  Madd_CLK_DIV_PROCESS.clk_counter[25]_GND_5_o_add_12_OUT_cy<17> (Madd_CLK_DIV_PROCESS.clk_counter[25]_GND_5_o_add_12_OUT_cy<17>)
     MUXCY:CI->O           1   0.029   0.000  Madd_CLK_DIV_PROCESS.clk_counter[25]_GND_5_o_add_12_OUT_cy<18> (Madd_CLK_DIV_PROCESS.clk_counter[25]_GND_5_o_add_12_OUT_cy<18>)
     MUXCY:CI->O           1   0.029   0.000  Madd_CLK_DIV_PROCESS.clk_counter[25]_GND_5_o_add_12_OUT_cy<19> (Madd_CLK_DIV_PROCESS.clk_counter[25]_GND_5_o_add_12_OUT_cy<19>)
     MUXCY:CI->O           1   0.029   0.000  Madd_CLK_DIV_PROCESS.clk_counter[25]_GND_5_o_add_12_OUT_cy<20> (Madd_CLK_DIV_PROCESS.clk_counter[25]_GND_5_o_add_12_OUT_cy<20>)
     MUXCY:CI->O           1   0.029   0.000  Madd_CLK_DIV_PROCESS.clk_counter[25]_GND_5_o_add_12_OUT_cy<21> (Madd_CLK_DIV_PROCESS.clk_counter[25]_GND_5_o_add_12_OUT_cy<21>)
     MUXCY:CI->O           1   0.029   0.000  Madd_CLK_DIV_PROCESS.clk_counter[25]_GND_5_o_add_12_OUT_cy<22> (Madd_CLK_DIV_PROCESS.clk_counter[25]_GND_5_o_add_12_OUT_cy<22>)
     MUXCY:CI->O           1   0.029   0.000  Madd_CLK_DIV_PROCESS.clk_counter[25]_GND_5_o_add_12_OUT_cy<23> (Madd_CLK_DIV_PROCESS.clk_counter[25]_GND_5_o_add_12_OUT_cy<23>)
     MUXCY:CI->O           0   0.029   0.000  Madd_CLK_DIV_PROCESS.clk_counter[25]_GND_5_o_add_12_OUT_cy<24> (Madd_CLK_DIV_PROCESS.clk_counter[25]_GND_5_o_add_12_OUT_cy<24>)
     XORCY:CI->O           1   0.510   0.000  Madd_CLK_DIV_PROCESS.clk_counter[25]_GND_5_o_add_12_OUT_xor<25> (CLK_DIV_PROCESS.clk_counter[25]_GND_5_o_add_12_OUT<25>)
     FD:D                      0.030          CLK
    ----------------------------------------
    Total                      2.743ns (2.338ns logic, 0.405ns route)
                                       (85.2% logic, 14.8% route)

=========================================================================
Timing constraint: Default period analysis for Clock 'CLK'
  Clock period: 9.880ns (frequency: 101.214MHz)
  Total number of paths / destination ports: 159700626 / 532
-------------------------------------------------------------------------
Delay:               9.880ns (Levels of Logic = 33)
  Source:            MIPS1/PC1/PC_out_8 (FF)
  Destination:       Mram_DATA_MEM2 (RAM)
  Source Clock:      CLK rising
  Destination Clock: CLK rising

  Data Path: MIPS1/PC1/PC_out_8 to Mram_DATA_MEM2
                                Gate     Net
    Cell:in->out      fanout   Delay   Delay  Logical Name (Net Name)
    ----------------------------------------  ------------
     FDR:C->Q              7   0.478   0.756  MIPS1/PC1/PC_out_8 (MIPS1/PC1/PC_out_8)
     LUT3:I0->O           12   0.124   0.493  Mram_Addr_Instr[9]_GND_5_o_wide_mux_8_OUT311_SW0 (N41)
     LUT6:I5->O            1   0.124   0.421  Mram_Addr_Instr[9]_GND_5_o_wide_mux_8_OUT4711 (Addr_Instr[9]_GND_5_o_wide_mux_8_OUT<23>)
     LUT5:I4->O           18   0.124   0.511  Mmux_Instr161 (Instr<23>)
     RAM32M:ADDRA2->DOA0    4   0.345   0.556  MIPS1/RegFile1/Mram_registers2 (MIPS1/ReadData1_Reg<0>)
     LUT4:I2->O            1   0.124   0.000  MIPS1/ALU1/Madd_AplusB_lut<0> (MIPS1/ALU1/Madd_AplusB_lut<0>)
     MUXCY:S->O            1   0.472   0.000  MIPS1/ALU1/Madd_AplusB_cy<0> (MIPS1/ALU1/Madd_AplusB_cy<0>)
     MUXCY:CI->O           1   0.029   0.000  MIPS1/ALU1/Madd_AplusB_cy<1> (MIPS1/ALU1/Madd_AplusB_cy<1>)
     MUXCY:CI->O           1   0.029   0.000  MIPS1/ALU1/Madd_AplusB_cy<2> (MIPS1/ALU1/Madd_AplusB_cy<2>)
     MUXCY:CI->O           1   0.029   0.000  MIPS1/ALU1/Madd_AplusB_cy<3> (MIPS1/ALU1/Madd_AplusB_cy<3>)
     MUXCY:CI->O           1   0.029   0.000  MIPS1/ALU1/Madd_AplusB_cy<4> (MIPS1/ALU1/Madd_AplusB_cy<4>)
     MUXCY:CI->O           1   0.029   0.000  MIPS1/ALU1/Madd_AplusB_cy<5> (MIPS1/ALU1/Madd_AplusB_cy<5>)
     MUXCY:CI->O           1   0.029   0.000  MIPS1/ALU1/Madd_AplusB_cy<6> (MIPS1/ALU1/Madd_AplusB_cy<6>)
     MUXCY:CI->O           1   0.029   0.000  MIPS1/ALU1/Madd_AplusB_cy<7> (MIPS1/ALU1/Madd_AplusB_cy<7>)
     MUXCY:CI->O           1   0.029   0.000  MIPS1/ALU1/Madd_AplusB_cy<8> (MIPS1/ALU1/Madd_AplusB_cy<8>)
     MUXCY:CI->O           1   0.029   0.000  MIPS1/ALU1/Madd_AplusB_cy<9> (MIPS1/ALU1/Madd_AplusB_cy<9>)
     MUXCY:CI->O           1   0.029   0.000  MIPS1/ALU1/Madd_AplusB_cy<10> (MIPS1/ALU1/Madd_AplusB_cy<10>)
     MUXCY:CI->O           1   0.029   0.000  MIPS1/ALU1/Madd_AplusB_cy<11> (MIPS1/ALU1/Madd_AplusB_cy<11>)
     MUXCY:CI->O           1   0.029   0.000  MIPS1/ALU1/Madd_AplusB_cy<12> (MIPS1/ALU1/Madd_AplusB_cy<12>)
     MUXCY:CI->O           1   0.029   0.000  MIPS1/ALU1/Madd_AplusB_cy<13> (MIPS1/ALU1/Madd_AplusB_cy<13>)
     MUXCY:CI->O           1   0.029   0.000  MIPS1/ALU1/Madd_AplusB_cy<14> (MIPS1/ALU1/Madd_AplusB_cy<14>)
     MUXCY:CI->O           1   0.029   0.000  MIPS1/ALU1/Madd_AplusB_cy<15> (MIPS1/ALU1/Madd_AplusB_cy<15>)
     MUXCY:CI->O           1   0.029   0.000  MIPS1/ALU1/Madd_AplusB_cy<16> (MIPS1/ALU1/Madd_AplusB_cy<16>)
     MUXCY:CI->O           1   0.029   0.000  MIPS1/ALU1/Madd_AplusB_cy<17> (MIPS1/ALU1/Madd_AplusB_cy<17>)
     MUXCY:CI->O           1   0.029   0.000  MIPS1/ALU1/Madd_AplusB_cy<18> (MIPS1/ALU1/Madd_AplusB_cy<18>)
     MUXCY:CI->O           1   0.029   0.000  MIPS1/ALU1/Madd_AplusB_cy<19> (MIPS1/ALU1/Madd_AplusB_cy<19>)
     MUXCY:CI->O           1   0.029   0.000  MIPS1/ALU1/Madd_AplusB_cy<20> (MIPS1/ALU1/Madd_AplusB_cy<20>)
     MUXCY:CI->O           1   0.029   0.000  MIPS1/ALU1/Madd_AplusB_cy<21> (MIPS1/ALU1/Madd_AplusB_cy<21>)
     MUXCY:CI->O           1   0.029   0.000  MIPS1/ALU1/Madd_AplusB_cy<22> (MIPS1/ALU1/Madd_AplusB_cy<22>)
     XORCY:CI->O           1   0.510   0.536  MIPS1/ALU1/Madd_AplusB_xor<23> (MIPS1/ALU1/AplusB<23>)
     LUT6:I4->O            4   0.124   0.939  MIPS1/ALU1/Mmux_ALU_Out333 (Addr_Data<23>)
     LUT6:I1->O           18   0.124   0.533  GND_5_o_Addr_Data[31]_LessThan_1_o22 (GND_5_o_Addr_Data[31]_LessThan_1_o21)
     LUT6:I5->O            1   0.124   0.000  MemWrite_dec_DATA_MEM_AND_58_o1_lut (MemWrite_dec_DATA_MEM_AND_58_o1_lut)
     MUXCY:S->O           32   0.777   0.552  MemWrite_dec_DATA_MEM_AND_58_o1_cy (MemWrite_dec_DATA_MEM_AND_58_o)
     RAM256X1S:WE              0.490          Mram_DATA_MEM2
    ----------------------------------------
    Total                      9.880ns (4.584ns logic, 5.297ns route)
                                       (46.4% logic, 53.6% route)

=========================================================================
Timing constraint: Default OFFSET IN BEFORE for Clock 'CLK'
  Total number of paths / destination ports: 62 / 62
-------------------------------------------------------------------------
Offset:              2.612ns (Levels of Logic = 3)
  Source:            DIP<10> (PAD)
  Destination:       MIPS1/RegFile1/Mram_registers12 (RAM)
  Destination Clock: CLK rising

  Data Path: DIP<10> to MIPS1/RegFile1/Mram_registers12
                                Gate     Net
    Cell:in->out      fanout   Delay   Delay  Logical Name (Net Name)
    ----------------------------------------  ------------
     IBUF:I->O             1   0.001   0.716  DIP_10_IBUF (DIP_10_IBUF)
     LUT4:I1->O            1   0.124   0.919  MIPS1/Mmux_WriteData_Reg2_SW2 (N274)
     LUT6:I1->O            2   0.124   0.405  MIPS1/Mmux_WriteData_Reg2 (MIPS1/WriteData_Reg<10>)
     RAM32M:DIC0               0.323          MIPS1/RegFile1/Mram_registers3
    ----------------------------------------
    Total                      2.612ns (0.572ns logic, 2.040ns route)
                                       (21.9% logic, 78.1% route)

=========================================================================
Timing constraint: Default OFFSET OUT AFTER for Clock 'CLK_undiv'
  Total number of paths / destination ports: 1 / 1
-------------------------------------------------------------------------
Offset:              0.877ns (Levels of Logic = 1)
  Source:            CLK (FF)
  Destination:       LED<15> (PAD)
  Source Clock:      CLK_undiv rising

  Data Path: CLK to LED<15>
                                Gate     Net
    Cell:in->out      fanout   Delay   Delay  Logical Name (Net Name)
    ----------------------------------------  ------------
     FD:C->Q               1   0.478   0.399  CLK (CLK)
     OBUF:I->O                 0.000          LED_15_OBUF (LED<15>)
    ----------------------------------------
    Total                      0.877ns (0.478ns logic, 0.399ns route)
                                       (54.5% logic, 45.5% route)

=========================================================================
Timing constraint: Default OFFSET OUT AFTER for Clock 'CLK'
  Total number of paths / destination ports: 15 / 15
-------------------------------------------------------------------------
Offset:              1.028ns (Levels of Logic = 1)
  Source:            MIPS1/PC1/PC_out_2 (FF)
  Destination:       LED<8> (PAD)
  Source Clock:      CLK rising

  Data Path: MIPS1/PC1/PC_out_2 to LED<8>
                                Gate     Net
    Cell:in->out      fanout   Delay   Delay  Logical Name (Net Name)
    ----------------------------------------  ------------
     FDR:C->Q             25   0.478   0.550  MIPS1/PC1/PC_out_2 (MIPS1/PC1/PC_out_2)
     OBUF:I->O                 0.000          LED_8_OBUF (LED<8>)
    ----------------------------------------
    Total                      1.028ns (0.478ns logic, 0.550ns route)
                                       (46.5% logic, 53.5% route)

=========================================================================

Cross Clock Domains Report:
--------------------------

Clock to Setup on destination clock CLK
----------------------------+---------+---------+---------+---------+
                            | Src:Rise| Src:Fall| Src:Rise| Src:Fall|
Source Clock                |Dest:Rise|Dest:Rise|Dest:Fall|Dest:Fall|
----------------------------+---------+---------+---------+---------+
CLK                         |    9.880|         |         |         |
MIPS1/ControlUnit1/_n0090<1>|         |    8.950|         |         |
----------------------------+---------+---------+---------+---------+

Clock to Setup on destination clock CLK_undiv
---------------+---------+---------+---------+---------+
               | Src:Rise| Src:Fall| Src:Rise| Src:Fall|
Source Clock   |Dest:Rise|Dest:Rise|Dest:Fall|Dest:Fall|
---------------+---------+---------+---------+---------+
CLK_undiv      |    2.743|         |         |         |
---------------+---------+---------+---------+---------+

Clock to Setup on destination clock MIPS1/ControlUnit1/_n0090<1>
---------------+---------+---------+---------+---------+
               | Src:Rise| Src:Fall| Src:Rise| Src:Fall|
Source Clock   |Dest:Rise|Dest:Rise|Dest:Fall|Dest:Fall|
---------------+---------+---------+---------+---------+
CLK            |         |         |    4.144|         |
---------------+---------+---------+---------+---------+

=========================================================================


Total REAL time to Xst completion: 16.00 secs
Total CPU time to Xst completion: 15.80 secs
 
--> 

Total memory usage is 462300 kilobytes

Number of errors   :    0 (   0 filtered)
Number of warnings :   17 (   0 filtered)
Number of infos    :   10 (   0 filtered)

